../Core/Src/main.c:95:9:decToBcd	16	static
../Core/Src/main.c:100:5:bcdToDec	16	static
../Core/Src/main.c:105:6:Set_Time	48	static
../Core/Src/main.c:119:6:Get_Time	32	static
../Core/Src/main.c:140:5:main	24	static
../Core/Src/main.c:200:6:SystemClock_Config	72	static
../Core/Src/main.c:240:13:MX_I2C1_Init	8	static
../Core/Src/main.c:274:13:MX_SPI1_Init	8	static
../Core/Src/main.c:312:13:MX_USART1_UART_Init	8	static
../Core/Src/main.c:345:13:MX_GPIO_Init	40	static
../Core/Src/main.c:377:6:HAL_UART_RxCpltCallback	16	static
../Core/Src/main.c:398:6:Error_Handler	4	static,ignoring_inline_asm
